// Jest Snapshot v1, https://goo.gl/fbAQLP

exports[`regularizeQuotes Works for Chinese quotes 1`] = `
Array [
  "“123",
  "456”",
  "“123",
  "456”",
  "“123",
  "456”",
]
`;

exports[`regularizeQuotes Works for English quotes 1`] = `
Array [
  "“123",
  "456”",
]
`;
